$ mkdir hello-world-git
$ cd c:/git/hello-world-git
$ git init
	Initialized empty Git repository in C:/Git/hello-world-git/.git/
$ touch README.md
$ echo "Play with console Git" > readme.md
$ touch .gitignore
$ git status
	On branch master

	No commits yet

	Untracked files:
  	(use "git add <file>..." to include in what will be committed)

        	.gitignore
        	README.md
        	ninja.svg

	nothing added to commit but untracked files present (use "git add" to track)
$ git add .
	warning: LF will be replaced by CRLF in README.md.
	The file will have its original line endings in your working directory.
	warning: LF will be replaced by CRLF in ninja.svg.
	The file will have its original line endings in your working directory.
$ git commit -m "added README.md, .gitignore and picture files"
	[master (root-commit) 4b28f8b] added README.md, .gitignore and picture files
 	3 files changed, 66 insertions(+)
 	create mode 100644 .gitignore
 	create mode 100644 README.md
 	create mode 100644 ninja.svg
$ git remote add origin https://github.com/dmytroTsmots/hello-world-git.git
$ git push -u origin master
	Counting objects: 5, done.
	Delta compression using up to 4 threads.
	Compressing objects: 100% (3/3), done.
	Writing objects: 100% (5/5), 5.07 KiB | 1.69 MiB/s, done.
	Total 5 (delta 0), reused 0 (delta 0)
	To https://github.com/dmytroTsmots/hello-world-git.git
 	* [new branch]      master -> master
	Branch master set up to track remote branch master from origin.


